---
source: qobuz-client/src/client/api.rs
expression: "client.user_playlists().await.expect(\"failed to fetch user playlists\")"
---
user:
  id: "[id]"
  login: "[login]"
playlists:
  offset: 0
  limit: 500
  total: 3
  items:
    - owner:
        id: 1418967
        name: David
      users_count: 0
      images150: ~
      images: []
      is_collaborative: false
      is_published: false
      description: This is a description
      created_at: 1664568712
      images300: ~
      duration: 0
      updated_at: 1664568712
      published_to: ~
      tracks_count: 0
      name: test
      is_public: false
      published_from: ~
      id: 11461926
      is_featured: false
      position: 0
      image_rectangle_mini: []
      timestamp_position: ~
      image_rectangle: []
      slug: test-27
      stores: []
      tracks: ~
    - owner:
        id: 1418967
        name: David
      users_count: 0
      images150:
        - "https://static.qobuz.com/images/covers/62/88/0000881118862_150.jpg"
        - "https://static.qobuz.com/images/covers/34/25/0088807202534_150.jpg"
        - "https://static.qobuz.com/images/covers/pc/8a/cvv2e35988apc_150.jpg"
        - "https://static.qobuz.com/images/covers/ca/68/tnmluv61b68ca_150.jpg"
      images:
        - "https://static.qobuz.com/images/covers/62/88/0000881118862_50.jpg"
        - "https://static.qobuz.com/images/covers/34/25/0088807202534_50.jpg"
        - "https://static.qobuz.com/images/covers/pc/8a/cvv2e35988apc_50.jpg"
        - "https://static.qobuz.com/images/covers/ca/68/tnmluv61b68ca_50.jpg"
      is_collaborative: false
      is_published: false
      description: "Playlist converted by Soundiiz from another music platform ! https://soundiiz.com"
      created_at: 1596246958
      images300:
        - "https://static.qobuz.com/images/covers/62/88/0000881118862_300.jpg"
        - "https://static.qobuz.com/images/covers/34/25/0088807202534_300.jpg"
        - "https://static.qobuz.com/images/covers/pc/8a/cvv2e35988apc_300.jpg"
        - "https://static.qobuz.com/images/covers/ca/68/tnmluv61b68ca_300.jpg"
      duration: 328456
      updated_at: 1675375582
      published_to: ~
      tracks_count: 973
      name: Assignments
      is_public: true
      published_from: ~
      id: 3551270
      is_featured: false
      position: 0
      image_rectangle_mini: []
      timestamp_position: ~
      image_rectangle: []
      slug: assignments
      stores: []
      tracks: ~
    - owner:
        id: 922179
        name: Qobuz USA
      users_count: 379392
      images150:
        - "https://static.qobuz.com/images/covers/32/10/0603497941032_150.jpg"
        - "https://static.qobuz.com/images/covers/89/21/0060255732189_150.jpg"
        - "https://static.qobuz.com/images/covers/95/15/0060253771595_150.jpg"
        - "https://static.qobuz.com/images/covers/mb/zg/q64kzhpj3zgmb_150.jpg"
      images:
        - "https://static.qobuz.com/images/covers/32/10/0603497941032_50.jpg"
        - "https://static.qobuz.com/images/covers/89/21/0060255732189_50.jpg"
        - "https://static.qobuz.com/images/covers/95/15/0060253771595_50.jpg"
        - "https://static.qobuz.com/images/covers/mb/zg/q64kzhpj3zgmb_50.jpg"
      is_collaborative: false
      is_published: true
      description: New to Qobuz? Wondering what all the fuss is about? Check out this carefully-constructed playlist designed to give you a taste of Qobuz and that famous high fidelity sound. An eclectic selection put together by our team in which no genre gets left behind.
      created_at: 1567000847
      images300:
        - "https://static.qobuz.com/images/covers/32/10/0603497941032_300.jpg"
        - "https://static.qobuz.com/images/covers/89/21/0060255732189_300.jpg"
        - "https://static.qobuz.com/images/covers/95/15/0060253771595_300.jpg"
        - "https://static.qobuz.com/images/covers/mb/zg/q64kzhpj3zgmb_300.jpg"
      duration: 14912
      updated_at: 1675531521
      published_to: 2145913200
      tracks_count: 53
      name: Welcome to Qobuz
      is_public: true
      published_from: 1293836400
      id: 2418316
      is_featured: true
      position: 0
      image_rectangle_mini:
        - "https://static.qobuz.com/images/playlists/2418316_011beec2fea38eddd01675a0ff653ea6_rectangle_mini.jpg"
      timestamp_position: 1293836400
      image_rectangle:
        - "https://static.qobuz.com/images/playlists/2418316_011beec2fea38eddd01675a0ff653ea6_rectangle.jpg"
      slug: welcome-to-qobuz-1
      stores:
        - US-en
      tracks: ~

